
 *** 

 Naziv testa: titleTest
 Opis testa: Provera Naslova sajta!
 Test prosao uspesno: true

 *** 

 Naziv testa: socialsTest
 Opis testa: Provera Drustvenih mreza!
 Test prosao uspesno: true

 *** 

 Naziv testa: loginTest
 Opis testa: Provera Prijave korisnika!
 Test prosao uspesno: true

 *** 

 Naziv testa: aboutTest
 Opis testa: PROVERA PODATAKA O SAJTU/KOMPANIJI
 Sediste: Vladimira Popovića 6
11070 Beograd, Srbija
 Kontakt: 011 404 78 00
spajalica@Limundo.com
 Email: spajalica@Limundo.com
 Opis sajta/kompanije: 4791, Trgovina na malo posredstvom pošte ili interneta
 URL: limundo.com
 Test prosao uspesno: true

 *** 

 Naziv testa: lengthPageTest
 Opis testa: Provera Velicine sajta!
 Test prosao uspesno: true

 *** 

 Naziv testa: searchTest
 Opis testa: Provera Pretrage na sajtu!
 Test prosao uspesno: true

 *** 

 Naziv testa: publishItem
 Opis testa: Provera Postavljanja novog proizvoda na sajtu!
 Test prosao uspesno: true

 *** 

 Naziv testa: accountInformationTest
 Opis testa: Provera Informacija o nalogu!
 Test prosao uspesno: true

 *** 

 Naziv testa: urlCheckTest
 Opis testa: Provera URL sajta!
 Test prosao uspesno: true

 *** 

 Naziv testa: addItemsTest
 Opis testa: Provera Dodavanja 3 proizvoda u korpu!
 Test prosao uspesno: true
